Compiling parser/Deriving.hs
Compilation successful
No 'main' function defined in this module
